Microchip MPLAB XC8 Compiler V3.10

Linker command line:

-W-3 \
  --edf=C:\Program Files\Microchip\xc8\v3.10\pic\dat\20250813170317_en.msgs \
  -cn -h+dist/default/production\ECU1.X.production.sym \
  --cmf=dist/default/production\ECU1.X.production.cmf -z -Q18F4580 \
  -oC:\Users\jevin\AppData\Local\Temp\xcAs5ws.0\driver_tmp_3.o \
  --defsym=__MPLAB_BUILD=1 --fixupoverflow=error \
  -Mdist/default/production/ECU1.X.production.map \
  --md=C:\Users\jevin\AppData\Local\Temp\xcAs5ws.0\driver_tmp_0.dat -E1 \
  -ver=XC8 Compiler -ACODE=00h-07FFFh -ACONST=00h-07FFFh \
  -ASMALLCONST=0600h-06FFhx122 -AMEDIUMCONST=0600h-07FFFh -ACOMRAM=01h-05Fh \
  -AABS1=00h-05FFh -ABIGRAM=01h-05FFh -ARAM=060h-0FFh,0100h-01FFhx5 \
  -ABANK0=060h-0FFh -ABANK1=0100h-01FFh -ABANK2=0200h-02FFh \
  -ABANK3=0300h-03FFh -ABANK4=0400h-04FFh -ABANK5=0500h-05FFh \
  -ASFR=0D00h-0DFFhx2,0F00h-0F5Fh,0F60h-0FFFh -ABIGSFR=0D00h-0FFFh \
  -ACONFIG=0300000h-030000Dh -AIDLOC=0200000h-0200007h \
  -AEEDATA=0F00000h-0F000FFh -peeprom_data=EEDATA \
  -preset_vec=00h,intcode=8h,intcodelo=18h,sivt_lo,sivt_hi=CODE \
  -ppowerup=CODE,init -pramtop=0600h -psmallconst=SMALLCONST \
  -pmediumconst=MEDIUMCONST -pconst=CONST -AFARRAM=00h-00h \
  -prdata=COMRAM,nvrram=COMRAM,nvbit=COMRAM,rbss=COMRAM,rbit=COMRAM \
  -pfarbss=FARRAM,fardata=FARRAM,nvFARRAM=FARRAM \
  -pintsave_regs=BIGRAM,bigbss=BIGRAM,bigdata=BIGRAM -pbss=RAM \
  -pidata=CODE,irdata=CODE,ibigdata=CODE,ifardata=CODE -prparam=COMRAM \
  C:\Users\jevin\AppData\Local\Temp\xcAs5ws.0\driver_tmp_9.o \
  dist/default/production\ECU1.X.production.o 

Object code version is 3.11

Machine type is 18F4580



                Name                               Link     Load   Length Selector   Space Scale
C:\Users\jevin\AppData\Local\Temp\xcAs5ws.0\driver_tmp_9.o
                init                                  E        E        4        4       0
                reset_vec                             0        0        4        0       0
dist/default/production\ECU1.X.production.o
                intcode                               8        8        6        4       0
                smallconst                          600      600       1E      300       0
                intcode_body                        DC6      DC6       4A      30F       0
                text16                              B02      B02       A4      30F       0
                text15                              C9A      C9A       6A      30F       0
                text14                              D68      D68       5E      30F       0
                text13                              ED8      ED8       3A      30F       0
                text12                              E9E      E9E       3A      30F       0
                text11                              F42      F42       20      30F       0
                text10                              E10      E10       48      30F       0
                text9                               A5C      A5C       A6      30F       0
                text8                               F76      F76       12      30F       0
                text7                               F62      F62       14      30F       0
                text6                               E58      E58       46      30F       0
                text5                               876      876      108      30F       0
                text4                               BA6      BA6       82      30F       0
                text3                               C28      C28       72      30F       0
                text2                               D04      D04       64      30F       0
                text1                               97E      97E       DE      30F       0
                text0                               61E      61E      258      30F       0
                cstackCOMRAM                         2B       2B       25        2       1
                dataCOMRAM                           50       50        1        2       1
                bssCOMRAM                             2        2       29        2       1
                cinit                               F12      F12       30      30F       0
                idataCOMRAM                         F88      F88        1      30F       0

TOTAL           Name                               Link     Load   Length     Space
        CLASS   CODE           
                intcode                               8        8        6         0
                init                                  E        E        4         0
                reset_vec                             0        0        4         0
                intcode_body                        DC6      DC6       4A         0
                text16                              B02      B02       A4         0
                text15                              C9A      C9A       6A         0
                text14                              D68      D68       5E         0
                text13                              ED8      ED8       3A         0
                text12                              E9E      E9E       3A         0
                text11                              F42      F42       20         0
                text10                              E10      E10       48         0
                text9                               A5C      A5C       A6         0
                text8                               F76      F76       12         0
                text7                               F62      F62       14         0
                text6                               E58      E58       46         0
                text5                               876      876      108         0
                text4                               BA6      BA6       82         0
                text3                               C28      C28       72         0
                text2                               D04      D04       64         0
                text1                               97E      97E       DE         0
                text0                               61E      61E      258         0
                cinit                               F12      F12       30         0
                idataCOMRAM                         F88      F88        1         0

        CLASS   CONST          

        CLASS   SMALLCONST     
                smallconst                          600      600       1E         0

        CLASS   MEDIUMCONST    

        CLASS   COMRAM         
                cstackCOMRAM                         2B       2B       25         1
                dataCOMRAM                           50       50        1         1
                bssCOMRAM                             2        2       29         1

        CLASS   ABS1           
                abs_s1                                1        1        1         1

        CLASS   BIGRAM         

        CLASS   RAM            

        CLASS   BANK0          

        CLASS   BANK1          

        CLASS   BANK2          

        CLASS   BANK3          

        CLASS   BANK4          

        CLASS   BANK5          

        CLASS   SFR            

        CLASS   BIGSFR         

        CLASS   CONFIG         

        CLASS   IDLOC          

        CLASS   EEDATA         

        CLASS   FARRAM         

        CLASS   HEAP           

        CLASS   STACK          



SEGMENTS        Name                           Load    Length   Top    Selector   Space  Class

                reset_vec                      000000  000004  000004         0       0  CODE    
                bssCOMRAM                      000002  00004F  000051         2       1  COMRAM  
                intcode                        000008  00000A  000012         4       0  CODE    
                smallconst                     000600  00001E  00061E       300       0  SMALLCON
                text0                          00061E  00096B  000F89       30F       0  CODE    


UNUSED ADDRESS RANGES

        Name                Unused          Largest block    Delta
        BANK0            0060-00FF             A0
        BANK1            0100-01FF            100
        BANK2            0200-02FF            100
        BANK3            0300-03FF            100
        BANK4            0400-04FF            100
        BANK5            0500-05FF            100
        BIGRAM           0051-05FF            5AF
        BIGSFR           0D00-0FFF            300
        CODE             0004-0007              4
                         0012-05FF            5EE
                         0F89-7FFF           7077
        COMRAM           0051-005F              F
        CONFIG           300000-30000D              E
        CONST            0004-0007              4
                         0012-05FF            5EE
                         0F89-7FFF           7077
        EEDATA           F00000-F000FF            100
        IDLOC            200000-200007              8
        MEDIUMCONST      0F89-7FFF           7077
        RAM              0060-05FF            100
        SFR              0D00-0FFF            100
        SMALLCONST       0F89-7FFF            100

                                  Symbol Table

?___lldiv                    cstackCOMRAM 0039
?___lmul                     cstackCOMRAM 002D
?___lwdiv                    cstackCOMRAM 002D
?___lwmod                    cstackCOMRAM 0034
?_read_adc                   cstackCOMRAM 002D
_ACQT0                       (abs)        7E03
_ACQT1                       (abs)        7E04
_ACQT2                       (abs)        7E05
_ADCON0                      (abs)        0FC2
_ADCON1                      (abs)        0FC1
_ADCS0                       (abs)        7E00
_ADCS1                       (abs)        7E01
_ADCS2                       (abs)        7E02
_ADFM                        (abs)        7E07
_ADON                        (abs)        7E10
_ADRESH                      (abs)        0FC4
_ADRESL                      (abs)        0FC3
_BRGCON1                     (abs)        0F70
_BRGCON2                     (abs)        0F71
_BRGCON3                     (abs)        0F72
_CANCON                      (abs)        0F6F
_CANSTAT                     (abs)        0F6E
_ECANCON                     (abs)        0F77
_GIE                         (abs)        7F97
_GO                          (abs)        7E11
_GODONE                      (abs)        7E11
_PEIE                        (abs)        7F96
_PORTB                       (abs)        0F81
_PORTBbits                   (abs)        0F81
_PORTD                       (abs)        0F83
_PSA                         (abs)        7EAB
_RBPU                        (abs)        7F8F
_RC0                         (abs)        7C10
_RC1                         (abs)        7C11
_RC2                         (abs)        7C12
_RD7                         (abs)        7C1F
_RXB0CON                     (abs)        0F60
_RXB0D0                      (abs)        0F66
_RXB0D1                      (abs)        0F67
_RXB0D2                      (abs)        0F68
_RXB0D3                      (abs)        0F69
_RXB0D4                      (abs)        0F6A
_RXB0D5                      (abs)        0F6B
_RXB0D6                      (abs)        0F6C
_RXB0D7                      (abs)        0F6D
_RXB0DLC                     (abs)        0F65
_RXB0EIDH                    (abs)        0F63
_RXB0EIDL                    (abs)        0F64
_RXB0FUL                     (abs)        7B07
_RXB0IF                      (abs)        7D20
_RXB0SIDH                    (abs)        0F61
_RXB0SIDL                    (abs)        0F62
_RXF0EIDH                    (abs)        0F02
_RXF0EIDL                    (abs)        0F03
_RXF0SIDH                    (abs)        0F00
_RXF0SIDL                    (abs)        0F01
_RXFCON0                     (abs)        0DD4
_T08BIT                      (abs)        7EAE
_T0CS                        (abs)        7EAD
_TMR0                        (abs)        0FD6
_TMR0IE                      (abs)        7F95
_TMR0IF                      (abs)        7F92
_TMR0ON                      (abs)        7EAF
_TRISA5                      (abs)        7C95
_TRISB                       (abs)        0F93
_TRISB2                      (abs)        7C9A
_TRISB3                      (abs)        7C9B
_TRISC                       (abs)        0F94
_TRISD                       (abs)        0F95
_TRISD7                      (abs)        7CAF
_TXB0D0                      (abs)        0F46
_TXB0D1                      (abs)        0F47
_TXB0D2                      (abs)        0F48
_TXB0D3                      (abs)        0F49
_TXB0D4                      (abs)        0F4A
_TXB0D5                      (abs)        0F4B
_TXB0D6                      (abs)        0F4C
_TXB0D7                      (abs)        0F4D
_TXB0DLC                     (abs)        0F45
_TXB0EIDH                    (abs)        0F43
_TXB0EIDL                    (abs)        0F44
_TXB0REQ                     (abs)        7A03
_TXB0SIDH                    (abs)        0F41
_TXB0SIDL                    (abs)        0F42
_VCFG0                       (abs)        7E0C
_VCFG1                       (abs)        7E0D
__HRAM                       (abs)        0000
__H__absolute__              __absolute__ 0000
__Habs1                      abs1         0000
__Hbank0                     bank0        0000
__Hbank1                     bank1        0000
__Hbank2                     bank2        0000
__Hbank3                     bank3        0000
__Hbank4                     bank4        0000
__Hbank5                     bank5        0000
__Hbigbss                    bigbss       0000
__Hbigdata                   bigdata      0000
__Hbigram                    bigram       0000
__Hbigsfr                    bigsfr       0000
__Hbss                       bss          0000
__HbssCOMRAM                 bssCOMRAM    0000
__Hcinit                     cinit        0000
__Hclrtext                   clrtext      0000
__Hcomram                    comram       0000
__Hconfig                    config       0000
__Hconst                     const        0000
__HcstackCOMRAM              cstackCOMRAM 0000
__Hdata                      data         0000
__HdataCOMRAM                dataCOMRAM   0000
__Heeprom_data               eeprom_data  0000
__Hfarbss                    farbss       0000
__Hfardata                   fardata      0000
__Hheap                      heap         0000
__Hibigdata                  ibigdata     0000
__Hidata                     idata        0000
__HidataCOMRAM               idataCOMRAM  0000
__Hidloc                     idloc        0000
__Hifardata                  ifardata     0000
__Hinit                      init         0012
__Hintcode                   intcode      000E
__Hintcode_body              intcode_body 0000
__Hintcodelo                 intcodelo    0018
__Hintentry                  intentry     0000
__Hintret                    intret       0000
__Hintsave_regs              intsave_regs 0000
__Hirdata                    irdata       0000
__Hmediumconst               mediumconst  0000
__HnvFARRAM                  nvFARRAM     0000
__Hnvbit                     nvbit        0000
__Hnvrram                    nvrram       0000
__Hparam                     rparam       0000
__Hpowerup                   powerup      0000
__Hram                       ram          0000
__Hramtop                    ramtop       0600
__Hrbit                      rbit         0000
__Hrbss                      rbss         0000
__Hrdata                     rdata        0000
__Hreset_vec                 reset_vec    0004
__Hrparam                    rparam       0000
__Hsfr                       sfr          0000
__Hsivt_hi                   sivt_hi      0000
__Hsivt_lo                   sivt_lo      0018
__Hsmallconst                smallconst   061E
__Hspace_0                   (abs)        0F89
__Hspace_1                   (abs)        0051
__Hspace_2                   (abs)        0000
__Hspace_4                   (abs)        0000
__Hstack                     stack        0000
__Hstruct                    struct       0000
__Htemp                      temp         0000
__Htext                      text         0000
__Htext0                     text0        0000
__Htext1                     text1        0000
__Htext10                    text10       0000
__Htext11                    text11       0000
__Htext12                    text12       0000
__Htext13                    text13       0000
__Htext14                    text14       0000
__Htext15                    text15       0000
__Htext16                    text16       0000
__Htext2                     text2        0000
__Htext3                     text3        0000
__Htext4                     text4        0000
__Htext5                     text5        0000
__Htext6                     text6        0000
__Htext7                     text7        0000
__Htext8                     text8        0000
__Htext9                     text9        0000
__LRAM                       (abs)        0001
__L__absolute__              __absolute__ 0000
__Labs1                      abs1         0000
__Lbank0                     bank0        0000
__Lbank1                     bank1        0000
__Lbank2                     bank2        0000
__Lbank3                     bank3        0000
__Lbank4                     bank4        0000
__Lbank5                     bank5        0000
__Lbigbss                    bigbss       0000
__Lbigdata                   bigdata      0000
__Lbigram                    bigram       0000
__Lbigsfr                    bigsfr       0000
__Lbss                       bss          0000
__LbssCOMRAM                 bssCOMRAM    0000
__Lcinit                     cinit        0000
__Lclrtext                   clrtext      0000
__Lcomram                    comram       0000
__Lconfig                    config       0000
__Lconst                     const        0000
__LcstackCOMRAM              cstackCOMRAM 0000
__Ldata                      data         0000
__LdataCOMRAM                dataCOMRAM   0000
__Leeprom_data               eeprom_data  0000
__Lfarbss                    farbss       0000
__Lfardata                   fardata      0000
__Lheap                      heap         0000
__Libigdata                  ibigdata     0000
__Lidata                     idata        0000
__LidataCOMRAM               idataCOMRAM  0000
__Lidloc                     idloc        0000
__Lifardata                  ifardata     0000
__Linit                      init         000E
__Lintcode                   intcode      0008
__Lintcode_body              intcode_body 0000
__Lintcodelo                 intcodelo    0018
__Lintentry                  intentry     0000
__Lintret                    intret       0000
__Lintsave_regs              intsave_regs 0000
__Lirdata                    irdata       0000
__Lmediumconst               mediumconst  0000
__LnvFARRAM                  nvFARRAM     0000
__Lnvbit                     nvbit        0000
__Lnvrram                    nvrram       0000
__Lparam                     rparam       0000
__Lpowerup                   powerup      0000
__Lram                       ram          0000
__Lramtop                    ramtop       0600
__Lrbit                      rbit         0000
__Lrbss                      rbss         0000
__Lrdata                     rdata        0000
__Lreset_vec                 reset_vec    0000
__Lrparam                    rparam       0000
__Lsfr                       sfr          0000
__Lsivt_hi                   sivt_hi      0000
__Lsivt_lo                   sivt_lo      0018
__Lsmallconst                smallconst   0600
__Lspace_0                   (abs)        0000
__Lspace_1                   (abs)        0000
__Lspace_2                   (abs)        0000
__Lspace_4                   (abs)        0000
__Lstack                     stack        0000
__Lstruct                    struct       0000
__Ltemp                      temp         0000
__Ltext                      text         0000
__Ltext0                     text0        0000
__Ltext1                     text1        0000
__Ltext10                    text10       0000
__Ltext11                    text11       0000
__Ltext12                    text12       0000
__Ltext13                    text13       0000
__Ltext14                    text14       0000
__Ltext15                    text15       0000
__Ltext16                    text16       0000
__Ltext2                     text2        0000
__Ltext3                     text3        0000
__Ltext4                     text4        0000
__Ltext5                     text5        0000
__Ltext6                     text6        0000
__Ltext7                     text7        0000
__Ltext8                     text8        0000
__Ltext9                     text9        0000
__S0                         (abs)        0F89
__S1                         (abs)        0051
__S4                         (abs)        0000
__S5                         (abs)        0000
___heap_hi                   (abs)        0000
___heap_lo                   (abs)        0000
___inthi_sp                  stack        0000
___inthi_stack_hi            stack        0000
___inthi_stack_lo            stack        0000
___intlo_sp                  stack        0000
___intlo_stack_hi            stack        0000
___intlo_stack_lo            stack        0000
___lldiv                     text16       0B02
___lldiv@counter             cstackCOMRAM 0045
___lldiv@dividend            cstackCOMRAM 0039
___lldiv@divisor             cstackCOMRAM 003D
___lldiv@quotient            cstackCOMRAM 0041
___lmul                      text15       0C9A
___lmul@multiplicand         cstackCOMRAM 0031
___lmul@multiplier           cstackCOMRAM 002D
___lmul@product              cstackCOMRAM 0035
___lwdiv                     text3        0C28
___lwdiv@counter             cstackCOMRAM 0033
___lwdiv@dividend            cstackCOMRAM 002D
___lwdiv@divisor             cstackCOMRAM 002F
___lwdiv@quotient            cstackCOMRAM 0031
___lwmod                     text2        0D04
___lwmod@counter             cstackCOMRAM 0038
___lwmod@dividend            cstackCOMRAM 0034
___lwmod@divisor             cstackCOMRAM 0036
___param_bank                (abs)        0000
___rparam_used               (abs)        0001
___sp                        stack        0000
___stack_hi                  stack        0000
___stack_lo                  stack        0000
__accesstop                  (abs)        0060
__activetblptr               (abs)        0001
__end_of___lldiv             text16       0BA6
__end_of___lmul              text15       0D04
__end_of___lwdiv             text3        0C9A
__end_of___lwmod             text2        0D68
__end_of__initialization     cinit        0F30
__end_of_can_transmit        text14       0DC6
__end_of_clcd_print          text12       0ED8
__end_of_clcd_write          text13       0F12
__end_of_init_adc            text11       0F62
__end_of_init_can            text10       0E58
__end_of_init_clcd           text9        0B02
__end_of_init_matrix_keypad  text8        0F88
__end_of_init_timer0         text7        0F76
__end_of_isr                 intcode_body 0E10
__end_of_main                text0        0876
__end_of_read_adc            text6        0E9E
__end_of_read_switches       text4        0C28
__end_of_scan_key            text5        097E
__end_of_speed_to_str        text1        0A5C
__initialization             cinit        0F12
__mediumconst                smallconst   0600
__pbssCOMRAM                 bssCOMRAM    0002
__pcinit                     cinit        0F12
__pcstackCOMRAM              cstackCOMRAM 002B
__pdataCOMRAM                dataCOMRAM   0050
__pidataCOMRAM               idataCOMRAM  0F88
__pintcode                   intcode      0008
__pintcode_body              intcode_body 0DC6
__psmallconst                smallconst   0600
__ptext0                     text0        061E
__ptext1                     text1        097E
__ptext10                    text10       0E10
__ptext11                    text11       0F42
__ptext12                    text12       0E9E
__ptext13                    text13       0ED8
__ptext14                    text14       0D68
__ptext15                    text15       0C9A
__ptext16                    text16       0B02
__ptext2                     text2        0D04
__ptext3                     text3        0C28
__ptext4                     text4        0BA6
__ptext5                     text5        0876
__ptext6                     text6        0E58
__ptext7                     text7        0F62
__ptext8                     text8        0F76
__ptext9                     text9        0A5C
__ramtop                     ramtop       0600
__smallconst                 smallconst   0600
_arr                         bssCOMRAM    0021
_can_payload                 bssCOMRAM    0002
_can_transmit                text14       0D68
_cangear                     bssCOMRAM    0020
_canspd                      bssCOMRAM    000F
_clcd_print                  text12       0E9E
_clcd_write                  text13       0ED8
_init_adc                    text11       0F42
_init_can                    text10       0E10
_init_clcd                   text9        0A5C
_init_matrix_keypad          text8        0F76
_init_timer0                 text7        0F62
_isr                         intcode      0008
_main                        text0        061E
_pwmcount                    bssCOMRAM    0019
_read_adc                    text6        0E58
_read_switches               text4        0BA6
_scan_key                    text5        0876
_speed                       bssCOMRAM    001D
_speed_to_str                text1        097E
_val                         bssCOMRAM    001B
btemp                        (abs)        0001
btemp0                       (abs)        0001
btemp1                       (abs)        0002
can_transmit@gear            cstackCOMRAM 0030
can_transmit@msgid           cstackCOMRAM 002D
can_transmit@speed           cstackCOMRAM 002F
clcd_print@addr              cstackCOMRAM 0030
clcd_print@data              cstackCOMRAM 002F
clcd_write@byte              cstackCOMRAM 002E
clcd_write@control_bit       cstackCOMRAM 002D
end_of_initialization        cinit        0F30
int$flags                    (abs)        0001
int_func                     intcode_body 0DC6
intlevel0                    text         0000
intlevel1                    text         0000
intlevel2                    text         0000
intlevel3                    text         0000
isa$std                      (abs)        0001
isa$xinst                    (abs)        0000
main@col                     cstackCOMRAM 0048
main@i                       cstackCOMRAM 004D
main@key                     cstackCOMRAM 004F
main@msgid                   cstackCOMRAM 0046
main@sum                     cstackCOMRAM 0049
read_adc@channel             cstackCOMRAM 0033
read_adc@reg_val             cstackCOMRAM 0031
read_switches@detection_type cstackCOMRAM 002E
read_switches@key            bssCOMRAM    001F
read_switches@once           dataCOMRAM   0050
speed_to_str@hundreds        cstackCOMRAM 003E
speed_to_str@ones            cstackCOMRAM 003C
speed_to_str@speed           cstackCOMRAM 0039
speed_to_str@str             cstackCOMRAM 003B
speed_to_str@tens            cstackCOMRAM 003D
stackhi                      (abs)        0000
stacklo                      (abs)        0000
start                        init         000E
start_initialization         cinit        0F12


MODULE INFORMATION

Module		Function		Class		Link	Load	Size
C:\Program Files\Microchip\xc8\v3.10\pic\sources\c99\common\lwmod.c
		___lwmod       		CODE           	0D04	0000	100

C:\Program Files\Microchip\xc8\v3.10\pic\sources\c99\common\lwmod.c estimated size: 100

matrix_keypad.c
		_init_matrix_keypad		CODE           	0F76	0000	18
		_read_switches 		CODE           	0BA6	0000	130
		_scan_key      		CODE           	0876	0000	264

matrix_keypad.c estimated size: 412

C:\Program Files\Microchip\xc8\v3.10\pic\sources\c99\common\Umul32.c
		___lmul        		CODE           	0C9A	0000	106

C:\Program Files\Microchip\xc8\v3.10\pic\sources\c99\common\Umul32.c estimated size: 106

timer0.c
		_init_timer0   		CODE           	0F62	0000	20

timer0.c estimated size: 20

newmain.c
		_main          		CODE           	061E	0000	600
		_speed_to_str  		CODE           	097E	0000	222

newmain.c estimated size: 822

C:\Program Files\Microchip\xc8\v3.10\pic\sources\c99\common\lwdiv.c
		___lwdiv       		CODE           	0C28	0000	114

C:\Program Files\Microchip\xc8\v3.10\pic\sources\c99\common\lwdiv.c estimated size: 114

adc.c
		_init_adc      		CODE           	0F42	0000	32
		_read_adc      		CODE           	0E58	0000	70

adc.c estimated size: 102

isr.c
		_isr           		CODE           	0008	0000	80

isr.c estimated size: 80

shared
		__initialization		CODE           	0F12	0000	30

shared estimated size: 30

clcd.c
		_clcd_write    		CODE           	0ED8	0000	58
		_clcd_print    		CODE           	0E9E	0000	58
		_init_clcd     		CODE           	0A5C	0000	166

clcd.c estimated size: 282

can.c
		_can_transmit  		CODE           	0D68	0000	94
		_init_can      		CODE           	0E10	0000	72

can.c estimated size: 166

C:\Program Files\Microchip\xc8\v3.10\pic\sources\c99\common\__lldiv.c
		___lldiv       		CODE           	0B02	0000	164

C:\Program Files\Microchip\xc8\v3.10\pic\sources\c99\common\__lldiv.c estimated size: 164

