Microchip MPLAB XC8 Compiler V3.10

Linker command line:

-W-3 \
  --edf=C:\Program Files\Microchip\xc8\v3.10\pic\dat\20250813170317_en.msgs \
  -cn -h+dist/default/production\MC_Project_ECU2.X.production.sym \
  --cmf=dist/default/production\MC_Project_ECU2.X.production.cmf -z \
  -Q18F4580 -oC:\Users\jevin\AppData\Local\Temp\xcAs8u8.0\driver_tmp_3.o \
  --defsym=__MPLAB_BUILD=1 --fixupoverflow=error \
  -Mdist/default/production/MC_Project_ECU2.X.production.map \
  --md=C:\Users\jevin\AppData\Local\Temp\xcAs8u8.0\driver_tmp_0.dat -E1 \
  -ver=XC8 Compiler -ACODE=00h-03000h -ACONST=00h-03000h \
  -ASMALLCONST=0600h-06FFhx42,03000h-03000h -AMEDIUMCONST=0600h-03000h \
  -ACOMRAM=01h-05Fh -AABS1=00h-05FFh -ABIGRAM=01h-05FFh \
  -ARAM=060h-0FFh,0100h-01FFhx5 -ABANK0=060h-0FFh -ABANK1=0100h-01FFh \
  -ABANK2=0200h-02FFh -ABANK3=0300h-03FFh -ABANK4=0400h-04FFh \
  -ABANK5=0500h-05FFh -ASFR=0D00h-0DFFhx2,0F00h-0F5Fh,0F60h-0FFFh \
  -ABIGSFR=0D00h-0FFFh -ACONFIG=0300000h-030000Dh -AIDLOC=0200000h-0200007h \
  -AEEDATA=0F00000h-0F000FFh -peeprom_data=EEDATA \
  -preset_vec=00h,intcode=8h,intcodelo=18h,sivt_lo,sivt_hi=CODE \
  -ppowerup=CODE,init -pramtop=0600h -psmallconst=SMALLCONST \
  -pmediumconst=MEDIUMCONST -pconst=CONST -AFARRAM=00h-00h \
  -prdata=COMRAM,nvrram=COMRAM,nvbit=COMRAM,rbss=COMRAM,rbit=COMRAM \
  -pfarbss=FARRAM,fardata=FARRAM,nvFARRAM=FARRAM \
  -pintsave_regs=BIGRAM,bigbss=BIGRAM,bigdata=BIGRAM -pbss=RAM \
  -pidata=CODE,irdata=CODE,ibigdata=CODE,ifardata=CODE -prparam=COMRAM \
  C:\Users\jevin\AppData\Local\Temp\xcAs8u8.0\driver_tmp_9.o \
  dist/default/production\MC_Project_ECU2.X.production.o 

Object code version is 3.11

Machine type is 18F4580



                Name                               Link     Load   Length Selector   Space Scale
C:\Users\jevin\AppData\Local\Temp\xcAs8u8.0\driver_tmp_9.o
                idloc                            200000   200000        8        0       5
                config                           300000   300000        E        0       4
                init                               2FFC     2FFC        4     17FE       0
                reset_vec                             0        0        4        0       0
dist/default/production\MC_Project_ECU2.X.production.o
                idloc                            200000   200000        8        0       5
                config                           300000   300000        E        0       4
                mediumconst                        2FDE     2FDE       1E     17EF       0
                text20                             1F7A     1F7A       50      FBD       0
                text19                             1EE6     1EE6       48      F73       0
                text18                             1E22     1E22       3A      F11       0
                text17                             1E5C     1E5C       44      F2E       0
                text16                             2BB8     2BB8      426     15DC       0
                text15                             2400     2400      106     1200       0
                text14                             2676     2676      1B4     133B       0
                text13                             1EA0     1EA0       46      F50       0
                text12                             2094     2094       78     104A       0
                text11                             282A     282A      38E     1415       0
                text10                             210C     210C       A4     1086       0
                text9                              2326     2326       DA     1193       0
                text8                              1DDC     1DDC       1C      EEE       0
                text7                              1F2E     1F2E       4C      F97       0
                text6                              21B0     21B0       A6     10D8       0
                text5                              1DB4     1DB4       12      EDA       0
                text4                              1DC6     1DC6       16      EE3       0
                text3                              1FCA     1FCA       54      FE5       0
                text2                              201E     201E       76     100F       0
                text1                              2256     2256       D0     112B       0
                text0                              2506     2506      170     1283       0
                cstackCOMRAM                          1        1       5E        1       1
                cstackBANK0                          74       74        9       60       1
                dataBANK0                            7D       7D        1       60       1
                bssBANK0                             60       60       14       60       1
                bssCOMRAM                            5F       5F        1        1       1
                cinit                              1DF8     1DF8       2A      EFC       0
                idataBANK0                         3000     3000        1     17FE       0

TOTAL           Name                               Link     Load   Length     Space
        CLASS   CODE           
                init                               2FFC     2FFC        4         0
                reset_vec                             0        0        4         0
                text20                             1F7A     1F7A       50         0
                text19                             1EE6     1EE6       48         0
                text18                             1E22     1E22       3A         0
                text17                             1E5C     1E5C       44         0
                text16                             2BB8     2BB8      426         0
                text15                             2400     2400      106         0
                text14                             2676     2676      1B4         0
                text13                             1EA0     1EA0       46         0
                text12                             2094     2094       78         0
                text11                             282A     282A      38E         0
                text10                             210C     210C       A4         0
                text9                              2326     2326       DA         0
                text8                              1DDC     1DDC       1C         0
                text7                              1F2E     1F2E       4C         0
                text6                              21B0     21B0       A6         0
                text5                              1DB4     1DB4       12         0
                text4                              1DC6     1DC6       16         0
                text3                              1FCA     1FCA       54         0
                text2                              201E     201E       76         0
                text1                              2256     2256       D0         0
                text0                              2506     2506      170         0
                cinit                              1DF8     1DF8       2A         0
                idataBANK0                         3000     3000        1         0

        CLASS   CONST          

        CLASS   SMALLCONST     

        CLASS   MEDIUMCONST    
                mediumconst                        2FDE     2FDE       1E         0

        CLASS   COMRAM         
                cstackCOMRAM                          1        1       5E         1
                bssCOMRAM                            5F       5F        1         1

        CLASS   ABS1           

        CLASS   BIGRAM         

        CLASS   RAM            

        CLASS   BANK0          
                cstackBANK0                          74       74        9         1
                dataBANK0                            7D       7D        1         1
                bssBANK0                             60       60       14         1

        CLASS   BANK1          

        CLASS   BANK2          

        CLASS   BANK3          

        CLASS   BANK4          

        CLASS   BANK5          

        CLASS   SFR            

        CLASS   BIGSFR         

        CLASS   CONFIG         
                config                           300000   300000        E         4

        CLASS   IDLOC          
                idloc                            200000   200000        8         5

        CLASS   EEDATA         

        CLASS   FARRAM         

        CLASS   HEAP           

        CLASS   STACK          



SEGMENTS        Name                           Load    Length   Top    Selector   Space  Class

                reset_vec                      000000  000004  000004         0       0  CODE    
                cstackCOMRAM                   000001  00005F  000060         1       1  COMRAM  
                bssBANK0                       000060  00001E  00007E        60       1  BANK0   
                text5                          001DB4  000012  001DC6       EDA       0  CODE    
                text4                          001DC6  000016  001DDC       EE3       0  CODE    
                text8                          001DDC  00001C  001DF8       EEE       0  CODE    
                cinit                          001DF8  00002A  001E22       EFC       0  CODE    
                text18                         001E22  00003A  001E5C       F11       0  CODE    
                text17                         001E5C  000044  001EA0       F2E       0  CODE    
                text13                         001EA0  000046  001EE6       F50       0  CODE    
                text19                         001EE6  000048  001F2E       F73       0  CODE    
                text7                          001F2E  00004C  001F7A       F97       0  CODE    
                text20                         001F7A  000050  001FCA       FBD       0  CODE    
                text3                          001FCA  000054  00201E       FE5       0  CODE    
                text2                          00201E  000076  002094      100F       0  CODE    
                text12                         002094  000078  00210C      104A       0  CODE    
                text10                         00210C  0000A4  0021B0      1086       0  CODE    
                text6                          0021B0  0000A6  002256      10D8       0  CODE    
                text1                          002256  0000D0  002326      112B       0  CODE    
                text9                          002326  0000DA  002400      1193       0  CODE    
                text15                         002400  000106  002506      1200       0  CODE    
                text0                          002506  000170  002676      1283       0  CODE    
                text14                         002676  0001B4  00282A      133B       0  CODE    
                text11                         00282A  00038E  002BB8      1415       0  CODE    
                text16                         002BB8  000426  002FDE      15DC       0  CODE    
                mediumconst                    002FDE  00001E  002FFC      17EF       0  MEDIUMCO
                init                           002FFC  000005  003001      17FE       0  CODE    


UNUSED ADDRESS RANGES

        Name                Unused          Largest block    Delta
        BANK0            00007E-0000FF               82
        BANK1            000100-0001FF              100
        BANK2            000200-0002FF              100
        BANK3            000300-0003FF              100
        BANK4            000400-0004FF              100
        BANK5            000500-0005FF              100
        BIGRAM           00007E-0005FF              582
        BIGSFR           000D00-000FFF              300
        CODE             000004-001DB3             1DB0
        CONST            000004-001DB3             1DB0
        EEDATA           F00000-F000FF              100
        MEDIUMCONST      000600-001DB3             17B4
        RAM              00007E-0005FF              100
        SFR              000D00-000FFF              100
        SMALLCONST       000600-001DB3              100

                                  Symbol Table

?___fldiv                    cstackCOMRAM 00001C
?___flmul                    cstackCOMRAM 000035
?___fltol                    cstackCOMRAM 00004E
?___lldiv                    cstackCOMRAM 000001
?___xxtofl                   cstackCOMRAM 00000E
?_get_engine_temp            cstackCOMRAM 000058
?_get_rpm                    cstackCOMRAM 000058
?_read_adc                   cstackCOMRAM 000001
_ACQT0                       (abs)        007E03
_ACQT1                       (abs)        007E04
_ACQT2                       (abs)        007E05
_ADCON0                      (abs)        000FC2
_ADCON1                      (abs)        000FC1
_ADCS0                       (abs)        007E00
_ADCS1                       (abs)        007E01
_ADCS2                       (abs)        007E02
_ADFM                        (abs)        007E07
_ADON                        (abs)        007E10
_ADRESH                      (abs)        000FC4
_ADRESL                      (abs)        000FC3
_BRGCON1                     (abs)        000F70
_BRGCON2                     (abs)        000F71
_BRGCON3                     (abs)        000F72
_CANCON                      (abs)        000F6F
_CANSTAT                     (abs)        000F6E
_ECANCON                     (abs)        000F77
_GIE                         (abs)        007F97
_GO                          (abs)        007E11
_GODONE                      (abs)        007E11
_PEIE                        (abs)        007F96
_PORTB                       (abs)        000F81
_PORTBbits                   (abs)        000F81
_PORTD                       (abs)        000F83
_PR2                         (abs)        000FCB
_RBPU                        (abs)        007F8F
_RC0                         (abs)        007C10
_RC1                         (abs)        007C11
_RC2                         (abs)        007C12
_RD7                         (abs)        007C1F
_RXB0CON                     (abs)        000F60
_RXB0D0                      (abs)        000F66
_RXB0D1                      (abs)        000F67
_RXB0D2                      (abs)        000F68
_RXB0D3                      (abs)        000F69
_RXB0D4                      (abs)        000F6A
_RXB0D5                      (abs)        000F6B
_RXB0D6                      (abs)        000F6C
_RXB0D7                      (abs)        000F6D
_RXB0DLC                     (abs)        000F65
_RXB0EIDH                    (abs)        000F63
_RXB0EIDL                    (abs)        000F64
_RXB0FUL                     (abs)        007B07
_RXB0IF                      (abs)        007D20
_RXB0SIDH                    (abs)        000F61
_RXB0SIDL                    (abs)        000F62
_RXF0SIDH                    (abs)        000F00
_RXF0SIDL                    (abs)        000F01
_RXFCON0                     (abs)        000DD4
_RXM0EIDH                    (abs)        000F1A
_RXM0EIDL                    (abs)        000F1B
_RXM0SIDH                    (abs)        000F18
_RXM0SIDL                    (abs)        000F19
_TMR2IE                      (abs)        007CE9
_TMR2IF                      (abs)        007CF1
_TMR2ON                      (abs)        007E52
_TRISB                       (abs)        000F93
_TRISB2                      (abs)        007C9A
_TRISB3                      (abs)        007C9B
_TRISC                       (abs)        000F94
_TRISD                       (abs)        000F95
_TRISD7                      (abs)        007CAF
_TXB0D0                      (abs)        000F46
_TXB0D1                      (abs)        000F47
_TXB0D2                      (abs)        000F48
_TXB0D3                      (abs)        000F49
_TXB0D4                      (abs)        000F4A
_TXB0D5                      (abs)        000F4B
_TXB0D6                      (abs)        000F4C
_TXB0D7                      (abs)        000F4D
_TXB0DLC                     (abs)        000F45
_TXB0EIDH                    (abs)        000F43
_TXB0EIDL                    (abs)        000F44
_TXB0REQ                     (abs)        007A03
_TXB0SIDH                    (abs)        000F41
_TXB0SIDL                    (abs)        000F42
_VCFG0                       (abs)        007E0C
_VCFG1                       (abs)        007E0D
__HRAM                       (abs)        000000
__H__absolute__              __absolute__ 000000
__Habs1                      abs1         000000
__Hbank0                     bank0        000000
__Hbank1                     bank1        000000
__Hbank2                     bank2        000000
__Hbank3                     bank3        000000
__Hbank4                     bank4        000000
__Hbank5                     bank5        000000
__Hbigbss                    bigbss       000000
__Hbigdata                   bigdata      000000
__Hbigram                    bigram       000000
__Hbigsfr                    bigsfr       000000
__Hbss                       bss          000000
__HbssBANK0                  bssBANK0     000000
__HbssCOMRAM                 bssCOMRAM    000000
__Hcinit                     cinit        000000
__Hclrtext                   clrtext      000000
__Hcomram                    comram       000000
__Hconfig                    config       30000E
__Hconst                     const        000000
__HcstackBANK0               cstackBANK0  000000
__HcstackCOMRAM              cstackCOMRAM 000000
__Hdata                      data         000000
__HdataBANK0                 dataBANK0    000000
__Heeprom_data               eeprom_data  000000
__Hfarbss                    farbss       000000
__Hfardata                   fardata      000000
__Hheap                      heap         000000
__Hibigdata                  ibigdata     000000
__Hidata                     idata        000000
__HidataBANK0                idataBANK0   000000
__Hidloc                     idloc        200008
__Hifardata                  ifardata     000000
__Hinit                      init         003000
__Hintcode                   intcode      000008
__Hintcode_body              intcode_body 000000
__Hintcodelo                 intcodelo    000018
__Hintentry                  intentry     000000
__Hintret                    intret       000000
__Hintsave_regs              intsave_regs 000000
__Hirdata                    irdata       000000
__Hmediumconst               mediumconst  002FFC
__HnvFARRAM                  nvFARRAM     000000
__Hnvbit                     nvbit        000000
__Hnvrram                    nvrram       000000
__Hparam                     rparam       000000
__Hpowerup                   powerup      000000
__Hram                       ram          000000
__Hramtop                    ramtop       000600
__Hrbit                      rbit         000000
__Hrbss                      rbss         000000
__Hrdata                     rdata        000000
__Hreset_vec                 reset_vec    000004
__Hrparam                    rparam       000000
__Hsfr                       sfr          000000
__Hsivt_hi                   sivt_hi      000000
__Hsivt_lo                   sivt_lo      000018
__Hsmallconst                smallconst   000000
__Hspace_0                   (abs)        003001
__Hspace_1                   (abs)        00007E
__Hspace_2                   (abs)        000000
__Hspace_4                   (abs)        60000E
__Hstack                     stack        000000
__Hstruct                    struct       000000
__Htemp                      temp         000000
__Htext                      text         000000
__Htext0                     text0        000000
__Htext1                     text1        000000
__Htext10                    text10       000000
__Htext11                    text11       000000
__Htext12                    text12       000000
__Htext13                    text13       000000
__Htext14                    text14       000000
__Htext15                    text15       000000
__Htext16                    text16       000000
__Htext17                    text17       000000
__Htext18                    text18       000000
__Htext19                    text19       000000
__Htext2                     text2        000000
__Htext20                    text20       000000
__Htext3                     text3        000000
__Htext4                     text4        000000
__Htext5                     text5        000000
__Htext6                     text6        000000
__Htext7                     text7        000000
__Htext8                     text8        000000
__Htext9                     text9        000000
__LRAM                       (abs)        000001
__L__absolute__              __absolute__ 000000
__Labs1                      abs1         000000
__Lbank0                     bank0        000000
__Lbank1                     bank1        000000
__Lbank2                     bank2        000000
__Lbank3                     bank3        000000
__Lbank4                     bank4        000000
__Lbank5                     bank5        000000
__Lbigbss                    bigbss       000000
__Lbigdata                   bigdata      000000
__Lbigram                    bigram       000000
__Lbigsfr                    bigsfr       000000
__Lbss                       bss          000000
__LbssBANK0                  bssBANK0     000000
__LbssCOMRAM                 bssCOMRAM    000000
__Lcinit                     cinit        000000
__Lclrtext                   clrtext      000000
__Lcomram                    comram       000000
__Lconfig                    config       000000
__Lconst                     const        000000
__LcstackBANK0               cstackBANK0  000000
__LcstackCOMRAM              cstackCOMRAM 000000
__Ldata                      data         000000
__LdataBANK0                 dataBANK0    000000
__Leeprom_data               eeprom_data  000000
__Lfarbss                    farbss       000000
__Lfardata                   fardata      000000
__Lheap                      heap         000000
__Libigdata                  ibigdata     000000
__Lidata                     idata        000000
__LidataBANK0                idataBANK0   000000
__Lidloc                     idloc        000000
__Lifardata                  ifardata     000000
__Linit                      init         002FFC
__Lintcode                   intcode      000008
__Lintcode_body              intcode_body 000000
__Lintcodelo                 intcodelo    000018
__Lintentry                  intentry     000000
__Lintret                    intret       000000
__Lintsave_regs              intsave_regs 000000
__Lirdata                    irdata       000000
__Lmediumconst               mediumconst  002FDE
__LnvFARRAM                  nvFARRAM     000000
__Lnvbit                     nvbit        000000
__Lnvrram                    nvrram       000000
__Lparam                     rparam       000000
__Lpowerup                   powerup      000000
__Lram                       ram          000000
__Lramtop                    ramtop       000600
__Lrbit                      rbit         000000
__Lrbss                      rbss         000000
__Lrdata                     rdata        000000
__Lreset_vec                 reset_vec    000000
__Lrparam                    rparam       000000
__Lsfr                       sfr          000000
__Lsivt_hi                   sivt_hi      000000
__Lsivt_lo                   sivt_lo      000018
__Lsmallconst                smallconst   000000
__Lspace_0                   (abs)        000000
__Lspace_1                   (abs)        000000
__Lspace_2                   (abs)        000000
__Lspace_4                   (abs)        000000
__Lstack                     stack        000000
__Lstruct                    struct       000000
__Ltemp                      temp         000000
__Ltext                      text         000000
__Ltext0                     text0        000000
__Ltext1                     text1        000000
__Ltext10                    text10       000000
__Ltext11                    text11       000000
__Ltext12                    text12       000000
__Ltext13                    text13       000000
__Ltext14                    text14       000000
__Ltext15                    text15       000000
__Ltext16                    text16       000000
__Ltext17                    text17       000000
__Ltext18                    text18       000000
__Ltext19                    text19       000000
__Ltext2                     text2        000000
__Ltext20                    text20       000000
__Ltext3                     text3        000000
__Ltext4                     text4        000000
__Ltext5                     text5        000000
__Ltext6                     text6        000000
__Ltext7                     text7        000000
__Ltext8                     text8        000000
__Ltext9                     text9        000000
__S0                         (abs)        003001
__S1                         (abs)        00007E
__S4                         (abs)        000000
__S5                         (abs)        000000
___fldiv                     text11       00282A
___fldiv@a                   cstackCOMRAM 000020
___fldiv@aexp                cstackCOMRAM 000034
___fldiv@b                   cstackCOMRAM 00001C
___fldiv@bexp                cstackCOMRAM 000033
___fldiv@grs                 cstackCOMRAM 00002F
___fldiv@new_exp             cstackCOMRAM 00002D
___fldiv@rem                 cstackCOMRAM 000028
___fldiv@sign                cstackCOMRAM 00002C
___flmul                     text16       002BB8
___flmul@a                   cstackCOMRAM 000039
___flmul@aexp                cstackCOMRAM 000046
___flmul@b                   cstackCOMRAM 000035
___flmul@bexp                cstackCOMRAM 000047
___flmul@grs                 cstackCOMRAM 000042
___flmul@prod                cstackCOMRAM 000048
___flmul@sign                cstackCOMRAM 000041
___flmul@temp                cstackCOMRAM 00004C
___fltol                     text15       002400
___fltol@exp1                cstackCOMRAM 000057
___fltol@f1                  cstackCOMRAM 00004E
___fltol@sign1               cstackCOMRAM 000056
___heap_hi                   (abs)        000000
___heap_lo                   (abs)        000000
___inthi_sp                  stack        000000
___inthi_stack_hi            stack        000000
___inthi_stack_lo            stack        000000
___intlo_sp                  stack        000000
___intlo_stack_hi            stack        000000
___intlo_stack_lo            stack        000000
___lldiv                     text10       00210C
___lldiv@counter             cstackCOMRAM 00000D
___lldiv@dividend            cstackCOMRAM 000001
___lldiv@divisor             cstackCOMRAM 000005
___lldiv@quotient            cstackCOMRAM 000009
___param_bank                (abs)        000000
___rparam_used               (abs)        000001
___sp                        stack        000000
___stack_hi                  stack        000000
___stack_lo                  stack        000000
___xxtofl                    text14       002676
___xxtofl@arg                cstackCOMRAM 000018
___xxtofl@exp                cstackCOMRAM 000017
___xxtofl@sign               cstackCOMRAM 000016
___xxtofl@val                cstackCOMRAM 00000E
__accesstop                  (abs)        000060
__activetblptr               (abs)        000002
__end_of___fldiv             text11       002BB8
__end_of___flmul             text16       002FDE
__end_of___fltol             text15       002506
__end_of___lldiv             text10       0021B0
__end_of___xxtofl            text14       00282A
__end_of__initialization     cinit        001E18
__end_of_can_receive         text20       001FCA
__end_of_can_transmit        text19       001F2E
__end_of_clcd_print          text17       001EA0
__end_of_clcd_write          text18       001E5C
__end_of_get_engine_temp     text12       00210C
__end_of_get_rpm             text9        002400
__end_of_init_adc            text8        001DF8
__end_of_init_can            text7        001F7A
__end_of_init_clcd           text6        002256
__end_of_init_config         text4        001DDC
__end_of_init_matrix_keypad  text5        001DC6
__end_of_main                text0        002676
__end_of_process_indicator   text1        002326
__end_of_read_adc            text13       001EE6
__end_of_read_switches       text2        002094
__end_of_scan_key            text3        00201E
__initialization             cinit        001DF8
__mediumconst                mediumconst  002FDE
__pbssBANK0                  bssBANK0     000060
__pbssCOMRAM                 bssCOMRAM    00005F
__pcinit                     cinit        001DF8
__pcstackBANK0               cstackBANK0  000074
__pcstackCOMRAM              cstackCOMRAM 000001
__pdataBANK0                 dataBANK0    00007D
__pidataBANK0                idataBANK0   003000
__pmediumconst               mediumconst  002FDE
__ptext0                     text0        002506
__ptext1                     text1        002256
__ptext10                    text10       00210C
__ptext11                    text11       00282A
__ptext12                    text12       002094
__ptext13                    text13       001EA0
__ptext14                    text14       002676
__ptext15                    text15       002400
__ptext16                    text16       002BB8
__ptext17                    text17       001E5C
__ptext18                    text18       001E22
__ptext19                    text19       001EE6
__ptext2                     text2        00201E
__ptext20                    text20       001F7A
__ptext3                     text3        001FCA
__ptext4                     text4        001DC6
__ptext5                     text5        001DB4
__ptext6                     text6        0021B0
__ptext7                     text7        001F2E
__ptext8                     text8        001DDC
__ptext9                     text9        002326
__ramtop                     ramtop       000600
__smallconst                 mediumconst  002FDE
_blink_state                 bssBANK0     000072
_can_payload                 bssBANK0     000060
_can_receive                 text20       001F7A
_can_transmit                text19       001EE6
_clcd_print                  text17       001E5C
_clcd_write                  text18       001E22
_collison_flag               bssBANK0     000071
_count                       bssBANK0     00006D
_cur_ind_status              bssBANK0     000070
_get_engine_temp             text12       002094
_get_rpm                     text9        002326
_init_adc                    text8        001DDC
_init_can                    text7        001F2E
_init_clcd                   text6        0021B0
_init_config                 text4        001DC6
_init_matrix_keypad          text5        001DB4
_led_state                   bssBANK0     000073
_main                        text0        002506
_prev_ind_status             bssCOMRAM    00005F
_process_indicator           text1        002256
_read_adc                    text13       001EA0
_read_switches               text2        00201E
_scan_key                    text3        001FCA
can_transmit@data            cstackCOMRAM 000003
can_transmit@msg_id          cstackCOMRAM 000001
clcd_print@addr              cstackCOMRAM 000005
clcd_print@data              cstackCOMRAM 000003
clcd_write@byte              cstackCOMRAM 000002
clcd_write@control_bit       cstackCOMRAM 000001
end_of_initialization        cinit        001E18
get_engine_temp@temp         cstackCOMRAM 00005A
get_engine_temp@val          cstackCOMRAM 00005C
get_rpm@i                    cstackCOMRAM 00005E
get_rpm@sum                  cstackCOMRAM 00005A
intlevel0                    text         000000
intlevel1                    text         000000
intlevel2                    text         000000
intlevel3                    text         000000
isa$std                      (abs)        000001
isa$xinst                    (abs)        000000
main@msg_id                  cstackBANK0  000078
main@rpm                     cstackBANK0  00007A
main@temperature             cstackBANK0  00007C
process_indicator@sw         cstackCOMRAM 000002
read_adc@channel             cstackCOMRAM 000007
read_adc@reg_val             cstackCOMRAM 000005
read_switches@detection_type cstackCOMRAM 000001
read_switches@key            bssBANK0     00006F
read_switches@once           dataBANK0    00007D
stackhi                      (abs)        000000
stacklo                      (abs)        000000
start                        init         002FFC
start_initialization         cinit        001DF8


MODULE INFORMATION

Module		Function		Class		Link	Load	Size
ecu2_sensor.c
		_get_engine_temp		CODE           	2094	0000	120
		_process_indicator		CODE           	2256	0000	208
		_get_rpm       		CODE           	2326	0000	218

ecu2_sensor.c estimated size: 546

ecu2_main.c
		_main          		CODE           	2506	0000	368
		_init_config   		CODE           	1DC6	0000	22

ecu2_main.c estimated size: 390

matrix_keypad.c
		_init_matrix_keypad		CODE           	1DB4	0000	18
		_read_switches 		CODE           	201E	0000	118
		_scan_key      		CODE           	1FCA	0000	84

matrix_keypad.c estimated size: 220

adc.c
		_init_adc      		CODE           	1DDC	0000	28
		_read_adc      		CODE           	1EA0	0000	70

adc.c estimated size: 98

C:\Program Files\Microchip\xc8\v3.10\pic\sources\c99\common\fltol.c
		___fltol       		CODE           	2400	0000	262

C:\Program Files\Microchip\xc8\v3.10\pic\sources\c99\common\fltol.c estimated size: 262

C:\Program Files\Microchip\xc8\v3.10\pic\sources\c99\common\sprcmul.c
		___flmul       		CODE           	2BB8	0000	1062

C:\Program Files\Microchip\xc8\v3.10\pic\sources\c99\common\sprcmul.c estimated size: 1062

C:\Program Files\Microchip\xc8\v3.10\pic\sources\c99\common\xxtofl.c
		___xxtofl      		CODE           	2676	0000	436

C:\Program Files\Microchip\xc8\v3.10\pic\sources\c99\common\xxtofl.c estimated size: 436

C:\Program Files\Microchip\xc8\v3.10\pic\sources\c99\common\sprcdiv.c
		___fldiv       		CODE           	282A	0000	910

C:\Program Files\Microchip\xc8\v3.10\pic\sources\c99\common\sprcdiv.c estimated size: 910

shared
		__initialization		CODE           	1DF8	0000	32

shared estimated size: 32

clcd.c
		_clcd_write    		CODE           	1E22	0000	58
		_clcd_print    		CODE           	1E5C	0000	68
		_init_clcd     		CODE           	21B0	0000	166

clcd.c estimated size: 292

can.c
		_can_transmit  		CODE           	1EE6	0000	72
		_init_can      		CODE           	1F2E	0000	76
		_can_receive   		CODE           	1F7A	0000	80

can.c estimated size: 228

C:\Program Files\Microchip\xc8\v3.10\pic\sources\c99\common\__lldiv.c
		___lldiv       		CODE           	210C	0000	164

C:\Program Files\Microchip\xc8\v3.10\pic\sources\c99\common\__lldiv.c estimated size: 164

